// Jest Snapshot v1, https://goo.gl/fbAQLP

exports[`snapshot corrects 1`] = `
"HELLO WORLD 42
"
`;
